Archive member included to satisfy reference by file (symbol)

/opt/esp-open-sdk/sdk/lib/libmain.a(debug-vector.o)
                              (_DebugExceptionVector)
/opt/esp-open-sdk/sdk/lib/libmain.a(double-vector.o)
                              (_DoubleExceptionVector)
/opt/esp-open-sdk/sdk/lib/libmain.a(kernel-vector.o)
                              (_KernelExceptionVector)
/opt/esp-open-sdk/sdk/lib/libmain.a(nmi-vector.o)
                              (_NMIExceptionVector)
/opt/esp-open-sdk/sdk/lib/libmain.a(user-vector.o)
                              (_UserExceptionVector)
/opt/esp-open-sdk/sdk/lib/libmain.a(vector.o)
                              (call_user_start)
/opt/esp-open-sdk/sdk/lib/libmain.a(app_main.o)
                              /opt/esp-open-sdk/sdk/lib/libmain.a(nmi-vector.o) (NMI_Handler)
/opt/esp-open-sdk/sdk/lib/libmain.a(ets_timer.o)
                              /opt/esp-open-sdk/sdk/lib/libmain.a(app_main.o) (ets_timer_setfn)
/opt/esp-open-sdk/sdk/lib/libmain.a(mem_manager.o)
                              /opt/esp-open-sdk/sdk/lib/libmain.a(app_main.o) (pvPortMalloc)
/opt/esp-open-sdk/sdk/lib/libmain.a(spi_flash.o)
                              /opt/esp-open-sdk/sdk/lib/libmain.a(app_main.o) (spi_flash_get_id)
/opt/esp-open-sdk/sdk/lib/libmain.a(user_interface.o)
                              /opt/esp-open-sdk/sdk/lib/libmain.a(app_main.o) (done_cb)
/opt/esp-open-sdk/sdk/lib/libmain.a(eagle_lib.o)
                              /opt/esp-open-sdk/sdk/lib/libmain.a(user_interface.o) (ets_sprintf)
/opt/esp-open-sdk/sdk/lib/libmain.a(eagle_lwip_if.o)
                              /opt/esp-open-sdk/sdk/lib/libmain.a(user_interface.o) (hostname)
/opt/sming/Sming/compiler/lib//libsming.a(crash_handler.o)
                              (custom_crash_callback)
/opt/sming/Sming/compiler/lib//libsming.a(user_main.o)
                              /opt/esp-open-sdk/sdk/lib/libmain.a(app_main.o) (user_init)
/opt/sming/Sming/compiler/lib//libsming.a(System.o)
                              /opt/sming/Sming/compiler/lib//libsming.a(user_main.o) (_ZN11SystemClass10initializeEv)
/opt/sming/Sming/compiler/lib//libsming.a(gdbstub.o)
                              /opt/sming/Sming/compiler/lib//libsming.a(user_main.o) (gdbstub_init)
/opt/sming/Sming/compiler/lib//libsming.a(esp_cplusplus.o)
                              /opt/sming/Sming/compiler/lib//libsming.a(user_main.o) (cpp_core_initialize)
/opt/sming/Sming/compiler/lib//libsming.a(m_printf.o)
                              /opt/sming/Sming/compiler/lib//libsming.a(esp_cplusplus.o) (m_printf)
/opt/sming/Sming/compiler/lib//libsming.a(stringconversion.o)
                              /opt/sming/Sming/compiler/lib//libsming.a(m_printf.o) (ltoa_wp)
/opt/sming/Sming/compiler/lib//libsming.a(IPAddress.o)
                              /opt/sming/Sming/compiler/lib//libsming.a(user_main.o) (_ZN9IPAddressC1Ehhhh)
/opt/sming/Sming/compiler/lib//libsming.a(Print.o)
                              /opt/sming/Sming/compiler/lib//libsming.a(IPAddress.o) (_ZN5Print5printEc)
/opt/sming/Sming/compiler/lib//libsming.a(WString.o)
                              /opt/sming/Sming/compiler/lib//libsming.a(IPAddress.o) (_ZN6StringD1Ev)
/opt/sming/Sming/compiler/lib//libsming.a(gdbstub-entry.o)
                              /opt/sming/Sming/compiler/lib//libsming.a(gdbstub.o) (gdbstub_save_extra_sfrs_for_exception)
/opt/sming/Sming/compiler/lib//libsming.a(FakePgmSpace.o)
                              /opt/sming/Sming/compiler/lib//libsming.a(IPAddress.o) (strncpy_P)
out/build/app_app.a(application.o)
                              /opt/sming/Sming/compiler/lib//libsming.a(user_main.o) (_Z4initv)
/opt/sming/Sming/compiler/lib//libmicroc.a(isspace.o)
                              /opt/sming/Sming/compiler/lib//libsming.a(WString.o) (isspace)
/opt/sming/Sming/compiler/lib//libmicroc.a(tolower.o)
                              /opt/sming/Sming/compiler/lib//libsming.a(WString.o) (tolower)
/opt/sming/Sming/compiler/lib//libmicroc.a(toupper.o)
                              /opt/sming/Sming/compiler/lib//libsming.a(WString.o) (toupper)
/opt/sming/Sming/compiler/lib//libmicroc.a(atof.o)
                              /opt/sming/Sming/compiler/lib//libsming.a(WString.o) (atof)
/opt/sming/Sming/compiler/lib//libmicroc.a(atoi.o)
                              /opt/sming/Sming/compiler/lib//libsming.a(WString.o) (atoi)
/opt/sming/Sming/compiler/lib//libmicroc.a(strtod.o)
                              /opt/sming/Sming/compiler/lib//libmicroc.a(atof.o) (strtod)
/opt/sming/Sming/compiler/lib//libmicroc.a(__fpclassify.o)
                              /opt/sming/Sming/compiler/lib//libsming.a(stringconversion.o) (__fpclassifyd)
/opt/sming/Sming/compiler/lib//libmicroc.a(strchr.o)
                              /opt/sming/Sming/compiler/lib//libsming.a(WString.o) (strchr)
/opt/sming/Sming/compiler/lib//libmicroc.a(strrchr.o)
[...]
Memory Configuration

Name             Origin             Length             Attributes
dport0_0_seg     0x3ff00000         0x00000010
dram0_0_seg      0x3ffe8000         0x00014000
iram1_0_seg      0x40100000         0x00008000
irom0_0_seg      0x40208000         0x000f8000
*default*        0x00000000         0xffffffff

Linker script and memory map

START GROUP
LOAD /opt/sming/Sming/compiler/lib//libmicroc.a
LOAD /opt/sming/Sming/compiler/lib//libmicrogcc.a
LOAD /opt/esp-open-sdk/xtensa-lx106-elf/bin/../xtensa-lx106-elf/sysroot/usr/lib/libhal.a
LOAD /opt/esp-open-sdk/sdk/lib/libphy.a
LOAD /opt/esp-open-sdk/sdk/lib/libpp.a
LOAD /opt/esp-open-sdk/sdk/lib/libnet80211.a
LOAD /opt/sming/Sming/compiler/lib//liblwip_open.a
LOAD /opt/esp-open-sdk/sdk/lib/libwpa.a
LOAD /opt/esp-open-sdk/sdk/lib/libmain.a
LOAD /opt/sming/Sming/compiler/lib//libsming.a
LOAD /opt/esp-open-sdk/sdk/lib/libcrypto.a
LOAD /opt/sming/Sming/compiler/lib//libpwm_open.a
LOAD /opt/esp-open-sdk/sdk/lib/libsmartconfig.a
LOAD out/build/app_app.a
END GROUP
                [!provide]                PROVIDE (_memmap_vecbase_reset, 0x40000000)
                0x00000110                _memmap_cacheattr_wb_base = 0x110
                0x00000110                _memmap_cacheattr_wt_base = 0x110
                0x00000220                _memmap_cacheattr_bp_base = 0x220
                0xfffff00f                _memmap_cacheattr_unused_mask = 0xfffff00f
                0x2222211f                _memmap_cacheattr_wb_trapnull = 0x2222211f
                0x2222211f                _memmap_cacheattr_wba_trapnull = 0x2222211f
                0x2222211f                _memmap_cacheattr_wbna_trapnull = 0x2222211f
                0x2222211f                _memmap_cacheattr_wt_trapnull = 0x2222211f
                0x2222222f                _memmap_cacheattr_bp_trapnull = 0x2222222f
                0xfffff11f                _memmap_cacheattr_wb_strict = 0xfffff11f
                0xfffff11f                _memmap_cacheattr_wt_strict = 0xfffff11f
                0xfffff22f                _memmap_cacheattr_bp_strict = 0xfffff22f
                0x22222112                _memmap_cacheattr_wb_allvalid = 0x22222112
                0x22222112                _memmap_cacheattr_wt_allvalid = 0x22222112
                0x22222222                _memmap_cacheattr_bp_allvalid = 0x22222222
                [!provide]                PROVIDE (_memmap_cacheattr_reset, _memmap_cacheattr_wb_trapnull)

.dport0.rodata  0x3ff00000        0x0
                0x3ff00000                _dport0_rodata_start = ABSOLUTE (.)
 *(.dport0.rodata)
 *(.dport.rodata)
                0x3ff00000                _dport0_rodata_end = ABSOLUTE (.)

.dport0.literal
                0x3ff00000        0x0
                0x3ff00000                _dport0_literal_start = ABSOLUTE (.)
 *(.dport0.literal)
 *(.dport.literal)
                0x3ff00000                _dport0_literal_end = ABSOLUTE (.)

.dport0.data    0x3ff00000        0x0
                0x3ff00000                _dport0_data_start = ABSOLUTE (.)
 *(.dport0.data)
 *(.dport.data)
                0x3ff00000                _dport0_data_end = ABSOLUTE (.)

.data           0x3ffe8000      0x385
                0x3ffe8000                _data_start = ABSOLUTE (.)
 *(.data)
 .data          0x3ffe8000        0x4 /opt/esp-open-sdk/sdk/lib/libmain.a(nmi-vector.o)
                0x3ffe8000                _Pri_3_HandlerAddress
 .data          0x3ffe8004        0x1 /opt/esp-open-sdk/sdk/lib/libmain.a(app_main.o)
 *fill*         0x3ffe8005        0x3 
 .data          0x3ffe8008        0x6 /opt/esp-open-sdk/sdk/lib/libmain.a(user_interface.o)
                0x3ffe8009                timer2_ms_flag
                0x3ffe800a                dhcps_flag
                0x3ffe800b                dhcpc_flag
                0x3ffe800d                reconnect_internal
 *fill*         0x3ffe800e        0x2 
 .data          0x3ffe8010        0x1 /opt/esp-open-sdk/sdk/lib/libmain.a(eagle_lwip_if.o)
                0x3ffe8010                default_hostname
 *fill*         0x3ffe8011        0xf 
 .data          0x3ffe8020       0x53 /opt/esp-open-sdk/sdk/lib/libphy.a(phy_chip_v6.o)
                0x3ffe8022                tx_rf_ana_gain
                0x3ffe8050                rx_gain_swp
                0x3ffe8070                test_rffreq_txcap
 *fill*         0x3ffe8073        0x1 
 .data          0x3ffe8074        0x1 /opt/esp-open-sdk/sdk/lib/libphy.a(phy_chip_v6_cal.o)
                0x3ffe8074                rfcal_bb_atten_init
 *fill*         0x3ffe8075        0x3 
 .data          0x3ffe8078        0x4 /opt/esp-open-sdk/sdk/lib/libphy.a(phy_sleep.o)
                0x3ffe8078                chip_version
 .data          0x3ffe807c        0x1 /opt/esp-open-sdk/sdk/lib/libpp.a(pm.o)
 *fill*         0x3ffe807d        0x3 
 .data          0x3ffe8080        0x1 /opt/esp-open-sdk/sdk/lib/libpp.a(pm_for_bcn_only_mode.o)
 *fill*         0x3ffe8081        0x3 
 .data          0x3ffe8084       0x1c /opt/esp-open-sdk/sdk/lib/libpp.a(pp.o)
                0x3ffe8084                soft_wdt_interval
                0x3ffe8088                NoiseTimerInterval
                0x3ffe8090                sleep_start_wait_time
                0x3ffe8098                CanDoFreqCal
                0x3ffe809c                tcb
 .data          0x3ffe80a0       0x40 /opt/esp-open-sdk/sdk/lib/libpp.a(rate_control.o)
 .data          0x3ffe80e0      0x24c /opt/esp-open-sdk/sdk/lib/libpp.a(trc.o)
 .data          0x3ffe832c        0x8 /opt/esp-open-sdk/sdk/lib/libpp.a(wdev.o)
 .data          0x3ffe8334        0x1 /opt/esp-open-sdk/sdk/lib/libnet80211.a(ieee80211_hostap.o)
                0x3ffe8334                TmpSTAAPCloseAP
 *fill*         0x3ffe8335        0x3 
 .data          0x3ffe8338        0x1 /opt/esp-open-sdk/sdk/lib/libnet80211.a(wl_cnx.o)
 *fill*         0x3ffe8339        0x7 
 .data          0x3ffe8340       0x1c /opt/esp-open-sdk/sdk/lib/libnet80211.a(ieee80211_action.o)
 .data          0x3ffe835c        0x4 /opt/sming/Sming/compiler/lib//liblwip_open.a(dhcp.o)
 .data          0x3ffe8360        0x6 /opt/sming/Sming/compiler/lib//liblwip_open.a(tcp.o)
 *fill*         0x3ffe8366        0x2 
 .data          0x3ffe8368        0x5 /opt/sming/Sming/compiler/lib//liblwip_open.a(dhcpserver.o)
                0x3ffe8368                dhcps_lease_time
 *(.data.*)
 *fill*         0x3ffe836d        0x3 
 .data.cbc_printchar
                0x3ffe8370        0x4 /opt/sming/Sming/compiler/lib//libsming.a(m_printf.o)
                0x3ffe8370                cbc_printchar
 .data.state    0x3ffe8374        0x1 out/build/app_app.a(application.o)
                0x3ffe8374                state
 .data.esp8266_gpioToFn
                0x3ffe8375       0x10 /opt/sming/Sming/compiler/lib//libsming.a(Digital.o)
                0x3ffe8375                esp8266_gpioToFn
 *(.gnu.linkonce.d.*)
 *(.data1)
 *(.sdata)
 *(.sdata.*)
 *(.gnu.linkonce.s.*)
 *(.sdata2)
 *(.sdata2.*)
 *(.gnu.linkonce.s2.*)
 *(.jcr)
                0x3ffe8385                _data_end = ABSOLUTE (.)

.irom0.text     0x40208000    0x31164
                0x40208000                _irom0_text_start = ABSOLUTE (.)
 *libsmartconfig.a:(.literal .text .literal.* .text.*)
 *libstdc++.a:(.literal .text .literal.* .text.*)
 *liblwip_open.a:(.literal .text .literal.* .text.*)
 .text          0x40208000      0x1c9 /opt/sming/Sming/compiler/lib//liblwip_open.a(tcp.o)
                                0x1f5 (size before relaxing)
 *fill*         0x402081c9        0x3 
 .text          0x402081cc       0x93 /opt/sming/Sming/compiler/lib//liblwip_open.a(timers.o)
                                 0xcb (size before relaxing)
 *fill*         0x4020825f        0x0 
 *liblwip_full.a:(.literal .text .literal.* .text.*)
 *liblwip2.a:(.literal .text .literal.* .text.*)
 *libaxtls.a:(.literal .text .literal.* .text.*)
 *libat.a:(.literal.* .text.*)
 *libcrypto.a:(.literal.* .text.*)
 *libespnow.a:(.literal.* .text.*)
 *libjson.a:(.literal.* .text.*)
 *liblwip.a:(.literal.* .text.*)
 *libmesh.a:(.literal.* .text.*)
 *libnet80211.a:(.literal.* .text.*)
 *libsmartconfig.a:(.literal.* .text.*)
 *libssl.a:(.literal.* .text.*)
 *libupgrade.a:(.literal.* .text.*)
 *libwpa.a:(.literal.* .text.*)
 *libwpa2.a:(.literal.* .text.*)
 *libwps.a:(.literal.* .text.*)
 *libmbedtls.a:(.literal.* .text.*)
 *libm.a:(.literal .text .literal.* .text.*)
 *(.rodata._ZTV*)
 *fill*         0x4020825f        0x1 
 .rodata._ZTV6VectorI8DelegateIFvvEEE
                0x40208260       0x1c /opt/sming/Sming/compiler/lib//libsming.a(System.o)
                0x40208260                _ZTV6VectorI8DelegateIFvvEEE
 *fill*         0x4020827c        0x4 
 .rodata._ZTV6VectorIP19ISystemReadyHandlerE
                0x40208280       0x1c /opt/sming/Sming/compiler/lib//libsming.a(System.o)
                0x40208280                _ZTV6VectorIP19ISystemReadyHandlerE
 *fill*         0x4020829c        0x4 
 .rodata._ZTV9IPAddress
                0x402082a0        0xc /opt/sming/Sming/compiler/lib//libsming.a(IPAddress.o)
                0x402082a0                _ZTV9IPAddress
 *fill*         0x402082ac        0x4 
 .rodata._ZTV5Print
                0x402082b0       0x18 /opt/sming/Sming/compiler/lib//libsming.a(Print.o)
                0x402082b0                _ZTV5Print
 .rodata._ZTV6VectorI7BssInfoE
                0x402082c8       0x1c out/build/app_app.a(application.o)
                0x402082c8                _ZTV6VectorI7BssInfoE
 *fill*         0x402082e4        0x4 
 .rodata._ZTV15IDelegateCallerIvIEE
                0x402082e8       0x14 out/build/app_app.a(application.o)
                0x402082e8                _ZTV15IDelegateCallerIvIEE
 *fill*         0x402082fc        0x4 
 .rodata._ZTV14FunctionCallerIPFvvEvIEE
                0x40208300       0x14 out/build/app_app.a(application.o)
                0x40208300                _ZTV14FunctionCallerIPFvvEvIEE
 *fill*         0x40208314        0x4 
 .rodata._ZTV15IDelegateCallerIvI6StringhPhhEE
                0x40208318       0x14 out/build/app_app.a(application.o)
                0x40208318                _ZTV15IDelegateCallerIvI6StringhPhhEE
 *fill*         0x4020832c        0x4 
 .rodata._ZTV14FunctionCallerIPFv6StringhPhhEvIS0_hS1_hEE
                0x40208330       0x14 out/build/app_app.a(application.o)
                0x40208330                _ZTV14FunctionCallerIPFv6StringhPhhEvIS0_hS1_hEE
 *fill*         0x40208344        0x4 
 .rodata._ZTV15IDelegateCallerIvI9IPAddressS0_S0_EE
                0x40208348       0x14 out/build/app_app.a(application.o)
                0x40208348                _ZTV15IDelegateCallerIvI9IPAddressS0_S0_EE
 *fill*         0x4020835c        0x4 
 .rodata._ZTV14FunctionCallerIPFv9IPAddressS0_S0_EvIS0_S0_S0_EE
                0x40208360       0x14 out/build/app_app.a(application.o)
                0x40208360                _ZTV14FunctionCallerIPFv9IPAddressS0_S0_EvIS0_S0_S0_EE
 *fill*         0x40208374        0x4 
 .rodata._ZTV15IDelegateCallerIvIb6VectorI7BssInfoEEE
                0x40208378       0x14 out/build/app_app.a(application.o)
                0x40208378                _ZTV15IDelegateCallerIvIb6VectorI7BssInfoEEE
 *fill*         0x4020838c        0x4 
 .rodata._ZTV14FunctionCallerIPFvb6VectorI7BssInfoEEvIbS2_EE
                0x40208390       0x14 out/build/app_app.a(application.o)
                0x40208390                _ZTV14FunctionCallerIPFvb6VectorI7BssInfoEEvIbS2_EE
 *fill*         0x402083a4        0x4 
 .rodata._ZTV14HardwareSerial
                0x402083a8       0x2c /opt/sming/Sming/compiler/lib//libsming.a(HardwareSerial.o)
                0x402083a8                _ZTV14HardwareSerial
 *fill*         0x402083d4        0x4 
 .rodata._ZTV5Timer
                0x402083d8        0xc /opt/sming/Sming/compiler/lib//libsming.a(Timer.o)
                0x402083d8                _ZTV5Timer
 *fill*         0x402083e4        0x4 
 .rodata._ZTV19ISystemReadyHandler
                0x402083e8       0x14 /opt/sming/Sming/compiler/lib//libsming.a(AccessPoint.o)
                0x402083e8                _ZTV19ISystemReadyHandler
 *fill*         0x402083fc        0x4 
 .rodata._ZTV16AccessPointClass
                0x40208400       0x14 /opt/sming/Sming/compiler/lib//libsming.a(AccessPoint.o)
                0x40208400                _ZTV16AccessPointClass
 *fill*         0x40208414        0x4 
 .rodata._ZTV12StationClass
                0x40208418       0x14 /opt/sming/Sming/compiler/lib//libsming.a(Station.o)
                0x40208418                _ZTV12StationClass
 *fill*         0x4020842c        0x4 
 .rodata._ZTV6VectorIP19WebSocketConnectionE
                0x40208430       0x1c /opt/sming/Sming/compiler/lib//libsming.a(WebSocketConnection.o)
                0x40208430                _ZTV6VectorIP19WebSocketConnectionE
 *fill*         0x4020844c        0x4 
 .rodata._ZTV8WDTClass
                0x40208450       0x14 /opt/sming/Sming/compiler/lib//libsming.a(WDT.o)
                0x40208450                _ZTV8WDTClass
 *(.irom0.literal .irom.literal .irom.text.literal .irom0.text .irom.text .irom.debug.*)
 .irom0.text    0x40208464      0xa71 /opt/esp-open-sdk/sdk/lib/libmain.a(app_main.o)
                                0xc9d (size before relaxing)
                0x40208648                wdt_init
                0x402086f0                user_uart_wait_tx_fifo_empty
                0x402089a4                user_rf_pre_init
 *fill*         0x40208ed5        0x3 
 .irom0.text    0x40208ed8      0x186 /opt/esp-open-sdk/sdk/lib/libmain.a(ets_timer.o)
                                0x1b2 (size before relaxing)
                0x40208ee0                ets_timer_done
                0x40208f2c                ets_timer_handler_isr
                0x40208ffc                ets_timer_init
 *fill*         0x4020905e        0x2 
 .irom0.text    0x40209060       0xec /opt/esp-open-sdk/sdk/lib/libmain.a(mem_manager.o)
                                 0xf8 (size before relaxing)
                0x40209060                check_memleak_debug_enable
                0x402090cc                xPortGetFreeHeapSize
                0x402090d4                vPortInitialiseBlocks
 .irom0.text    0x4020914c     0x3549 /opt/esp-open-sdk/sdk/lib/libmain.a(user_interface.o)
                               0x3f9d (size before relaxing)
                0x40209150                system_set_os_print
                0x40209160                system_get_os_print
                0x40209328                system_pp_recycle_rx_pkt
                0x40209344                system_adc_read
                0x40209384                system_adc_read_fast
                0x402093e4                system_get_vdd33
                0x40209410                system_restart_hook
                0x40209428                system_restart_local
                0x40209508                system_restart
                0x40209564                system_restore
                0x402095cc                system_get_flash_size_map
                0x402095ec                system_get_boot_version
                0x40209624                system_get_test_result
                0x4020964c                system_get_userbin_addr
                0x402096e4                system_get_boot_mode
                0x40209714                system_restart_enhance
                0x40209844                system_upgrade_userbin_set
                0x40209890                system_upgrade_userbin_check
                0x402098d0                system_upgrade_flag_set
                0x402098e4                system_upgrade_flag_check
                0x4020990c                system_upgrade_reboot
                0x40209a40                system_deep_sleep_instant
                0x40209bd8                system_deep_sleep
                0x40209c38                system_deep_sleep_set_option
                0x40209c54                system_phy_temperature_alert
                0x40209c68                system_phy_set_max_tpw
                0x40209c7c                system_phy_set_tpw_via_vdd33
                0x40209c90                system_phy_set_rfoption
                0x40209ca4                system_phy_set_powerup_option
                0x40209cbc                system_update_cpu_freq
                0x40209d18                system_get_cpu_freq
                0x40209d30                system_overclock
                0x40209d5c                system_restoreclock
                0x40209d8c                system_timer_reinit
                0x40209da4                system_relative_time
                0x40209dc8                system_station_got_ip_set
                0x40209ef4                system_print_meminfo
                0x40209f54                system_get_free_heap_size
                0x40209f6c                system_get_chip_id
                0x40209f90                system_rtc_clock_cali_proc
                0x40209fa4                system_get_rtc_time
                0x40209fb8                system_mktime
                0x4020a088                system_init_done_cb
                0x4020a090                system_get_rst_info
                0x4020a098                system_get_data_of_array_8
                0x4020a0bc                system_get_data_of_array_16
                0x4020a0e4                system_get_string_from_flash
                0x4020a150                wifi_softap_dhcps_start
                0x4020a198                wifi_softap_dhcps_stop
                0x4020a1d8                wifi_softap_dhcps_status
                0x4020a1e0                wifi_station_dhcpc_start
                0x4020a238                wifi_station_dhcpc_stop
                0x4020a278                wifi_station_dhcpc_event
                0x4020a2ec                wifi_station_dhcpc_set_maxtry
                0x4020a2fc                wifi_station_dhcpc_status
                0x4020a374                wifi_get_opmode
                0x4020a388                wifi_get_opmode_default
                0x4020a404                wifi_get_broadcast_if
                0x4020a440                wifi_set_broadcast_if
                0x4020a5bc                wifi_set_opmode
                0x4020a5d0                wifi_set_opmode_current
                0x4020a5e4                system_get_checksum
                0x4020a62c                wifi_param_save_protect_with_check
                0x4020a6e8                system_param_save_with_protect
                0x4020a790                system_save_sys_param
                0x4020a7bc                system_param_load
                0x4020a8f4                wifi_station_get_config
                0x4020a908                wifi_station_get_config_default
                0x4020a928                wifi_station_get_ap_info
                0x4020a9e0                wifi_station_ap_number_set
                0x4020ad74                wifi_station_set_config
                0x4020ad8c                wifi_station_set_config_current
                0x4020ada4                wifi_station_restore_config
                0x4020adbc                wifi_station_get_current_ap_id
                0x4020add0                wifi_station_ap_check
                0x4020ae18                wifi_station_ap_change
                0x4020af44                wifi_station_scan
                0x4020af90                wifi_station_get_auto_connect
                0x4020afa4                wifi_station_set_auto_connect
                0x4020aff4                wifi_station_save_pmk2cache
                0x4020b0a8                wifi_station_connect
                0x4020b13c                wifi_station_disconnect
                0x4020b1fc                wifi_station_get_connect_status
                0x4020b22c                wifi_station_set_reconnect_policy
                0x4020b244                wifi_station_get_reconnect_policy
                0x4020b24c                wifi_station_get_rssi
                0x4020b29c                wifi_station_set_default_hostname
                0x4020b304                wifi_station_get_hostname
                0x4020b334                wifi_station_set_hostname
                0x4020b3d4                wifi_softap_cacl_mac
                0x4020b444                wifi_softap_set_default_ssid
                0x4020b624                wifi_softap_get_config
                0x4020b638                wifi_softap_get_config_default
                0x4020b98c                wifi_softap_set_config
                0x4020b9a0                wifi_softap_set_config_current
                0x4020b9b4                wifi_softap_set_station_info
                0x4020ba20                wifi_softap_get_station_info
                0x4020bad0                wifi_softap_free_station_info
                0x4020bb18                wifi_softap_get_station_num
                0x4020bb6c                wifi_softap_deauth
                0x4020bc1c                wifi_softap_get_beacon_only_mode
                0x4020bc30                wifi_softap_set_beacon_only_mode
                0x4020bc94                wifi_register_user_ie_manufacturer_recv_cb
                0x4020bca8                wifi_unregister_user_ie_manufacturer_recv_cb
                0x4020bcdc                wifi_set_user_ie
                0x4020bdec                wifi_get_user_ie
                0x4020be20                wifi_get_phy_mode
                0x4020be28                wifi_set_phy_mode
                0x4020bef0                wifi_set_sleep_type
                0x4020bf0c                wifi_get_sleep_type
                0x4020bf24                wifi_get_channel
                0x4020bf3c                wifi_set_channel
                0x4020bf80                wifi_promiscuous_set_mac
                0x4020bfe0                wifi_promiscuous_enable
                0x4020c0c4                wifi_set_promiscuous_rx_cb
                0x4020c0d4                wifi_get_ip_info
                0x4020c154                wifi_set_ip_info
                0x4020c1c8                wifi_get_macaddr
                0x4020c228                wifi_set_macaddr
                0x4020c344                wifi_enable_6m_rate
                0x4020c34c                wifi_get_user_fixed_rate
                0x4020c36c                wifi_set_user_fixed_rate
                0x4020c38c                wifi_set_user_sup_rate
                0x4020c3c8                wifi_set_user_rate_limit
                0x4020c3ec                wifi_get_user_limit_rate_mask
                0x4020c3f4                wifi_set_user_limit_rate_mask
                0x4020c40c                wifi_register_send_pkt_freedom_cb
                0x4020c420                wifi_unregister_send_pkt_freedom_cb
                0x4020c42c                wifi_send_pkt_freedom
                0x4020c478                wifi_rfid_locp_recv_open
                0x4020c48c                wifi_rfid_locp_recv_close
                0x4020c4a0                wifi_register_rfid_locp_recv_cb
                0x4020c4b4                wifi_unregister_rfid_locp_recv_cb
                0x4020c4cc                wifi_status_led_install
                0x4020c500                wifi_status_led_uninstall
                0x4020c524                wifi_set_status_led_output_level
                0x4020c578                wifi_set_event_handler_cb
                0x4020c5c0                system_os_task
                0x4020c5fc                system_uart_swap
                0x4020c65c                system_uart_de_swap
                0x4020c690                system_get_sdk_version
 *fill*         0x4020c695        0x3 
 .irom0.text    0x4020c698      0x60c /opt/esp-open-sdk/sdk/lib/libmain.a(eagle_lib.o)
                                0x620 (size before relaxing)
                0x4020c698                divide
                0x4020c6d4                skip_atoi
                0x4020c854                ets_vsnprintf
                0x4020cbb4                ets_vsprintf
                0x4020cbd8                ets_sprintf
                0x4020cc00                ets_strcat
                0x4020cc20                ets_strrchr
                0x4020cc4c                ets_strchr
                0x4020cc64                bit_popcount
                0x4020cc80                ets_snprintf
 .irom0.text    0x4020cca4      0x31e /opt/esp-open-sdk/sdk/lib/libmain.a(eagle_lwip_if.o)
                                0x3e6 (size before relaxing)
                0x4020cd5c                eagle_lwip_if_alloc
                0x4020cf1c                eagle_lwip_if_free
                0x4020cfa0                eagle_lwip_getif
 *fill*         0x4020cfc2        0x2 
 .irom0.literal
                0x4020cfc4        0x0 /opt/sming/Sming/compiler/lib//libmicroc.a(strchr.o)
                                  0x4 (size before relaxing)
 .irom0.literal
                0x4020cfc4        0xc /opt/sming/Sming/compiler/lib//libmicroc.a(strchrnul.o)
 .irom0.literal
                0x4020cfd0        0x4 /opt/sming/Sming/compiler/lib//libmicroc.a(malloc.o)
                                 0x14 (size before relaxing)
 .irom0.literal
                0x4020cfd4        0x4 /opt/sming/Sming/compiler/lib//libmicroc.a(abort.o)
                                  0x8 (size before relaxing)
 .irom0.literal
                0x4020cfd8        0x0 /opt/sming/Sming/compiler/lib//libmicroc.a(sprintf.o)
                                  0x4 (size before relaxing)
 .irom0.literal
                0x4020cfd8        0x0 /opt/sming/Sming/compiler/lib//libmicroc.a(vsprintf.o)
                                  0x4 (size before relaxing)
 .irom0.literal
                0x4020cfd8        0x8 /opt/sming/Sming/compiler/lib//libmicrogcc.a(_divsf3.o)
                                 0x10 (size before relaxing)
 .irom0.text    0x4020cfe0       0x25 /opt/sming/Sming/compiler/lib//libmicroc.a(strchr.o)
                                 0x29 (size before relaxing)
                0x4020cfe0                strchr
 *fill*         0x4020d005        0x3 
 .irom0.text    0x4020d008       0x75 /opt/sming/Sming/compiler/lib//libmicroc.a(strchrnul.o)
                0x4020d008                __strchrnul
                0x4020d008                strchrnul
 *fill*         0x4020d07d        0x3 
 .irom0.text    0x4020d080       0x65 /opt/sming/Sming/compiler/lib//libmicroc.a(malloc.o)
                0x4020d080                malloc
                0x4020d094                free
                0x4020d0a8                realloc
                0x4020d0bc                zalloc
                0x4020d0d0                calloc
 *fill*         0x4020d0e5        0x3 
 .irom0.text    0x4020d0e8       0x11 /opt/sming/Sming/compiler/lib//libmicroc.a(abort.o)
                0x4020d0e8                abort
 *fill*         0x4020d0f9        0x3 
 .irom0.text    0x4020d0fc       0xfa /opt/esp-open-sdk/sdk/lib/libphy.a(phy.o)
                                0x11e (size before relaxing)
                0x4020d100                rf_init
                0x4020d11c                bb_init
                0x4020d134                phy_init
                0x4020d164                RFChannelSel
                0x4020d180                phy_delete_channel
                0x4020d198                phy_enable_agc
                0x4020d1b0                phy_disable_agc
                0x4020d1c8                phy_initialize_bb
                0x4020d1e0                phy_set_sense
 *fill*         0x4020d1f6        0x2 
 .irom0.text    0x4020d1f8     0x176f /opt/esp-open-sdk/sdk/lib/libphy.a(phy_chip_v6_ana.o)
                               0x1973 (size before relaxing)
                0x4020d1fc                ram_pbus_set_rxgain
                0x4020d2d4                ram_pbus_debugmode
                0x4020d388                ram_pbus_xpd_tx_on
                0x4020d3f4                set_rf_freq_offset
                0x4020d464                chip_v6_rxmax_ext_ana
                0x4020d5b8                ram_chip_v6_rx_init
                0x4020d5ec                tsen_meas
                0x4020d69c                readvdd33
                0x4020d868                txpwr_offset
                0x4020d924                set_txcap_reg
                0x4020d9a4                ram_ana_inf_gating_en
                0x4020db04                ram_restart_cal
                0x4020db70                wait_rfpll_cal_end
                0x4020dc04                ram_rfpll_set_freq
                0x4020dd0c                ram_set_channel_freq
                0x4020e008                chip_60_set_channel
                0x4020e1a8                chip_v6_set_chan_offset
                0x4020e208                chip_v6_set_chan
                0x4020e2b0                chip_v6_set_chan_wakeup
                0x4020e334                chip_v6_rf_init
                0x4020e598                low_power_set
                0x4020e5e8                test_tout
                0x4020e760                check_data_flag
                0x4020e780                phy_get_check_flag
                0x4020e8b4                phy_get_vdd33
 *fill*         0x4020e967        0x1 
 .irom0.text    0x4020e968     0x3e98 /opt/esp-open-sdk/sdk/lib/libphy.a(phy_chip_v6.o)
                               0x453c (size before relaxing)
                0x4020e968                ram_tx_mac_enable
                0x4020e96c                ram_tx_mac_disable
                0x4020e970                rtc_mem_backup
                0x4020e9a0                rtc_mem_recovery
                0x4020e9d0                set_cal_rxdc
                0x4020ea84                set_rx_gain_cal_iq
                0x4020ede0                gen_rx_gain_table
                0x4020ef38                pbus_set_rxbbgain
                0x4020efb8                set_rx_gain_testchip_50
                0x4020f2ec                ram_get_corr_power
                0x4020f3dc                check_data_func
                0x4020f3fc                do_noisefloor_lsleep_v50
                0x4020f430                do_noisefloor
                0x4020f4a0                start_dig_rx
                0x4020f4e4                stop_dig_rx
                0x4020f510                chip_v6_set_chanfreq
                0x4020f540                tx_cap_init
                0x4020f72c                target_power_add_backoff
                0x4020f75c                tx_pwctrl_init_cal
                0x4020f8d4                tx_atten_set_interp
                0x4020fb34                check_tx_pwr_cal
                0x4020fc78                tx_pwctrl_init
                0x4020fd9c                ram_get_noisefloor
                0x4020fdb8                get_noisefloor_sat
                0x4020fde8                ram_set_noise_floor
                0x4020fe44                ram_start_noisefloor
                0x4020fe90                read_hw_noisefloor
                0x4020febc                noise_check_loop
                0x40210018                noise_init
                0x40210218                target_power_backoff
                0x4021026c                sdt_on_noise_start
                0x402102ec                chip_v6_set_chan_rx_cmp
                0x40210478                chip_v6_set_chan_misc
                0x4021050c                phy_dig_spur_set
                0x40210864                phy_dig_spur_prot
                0x40210a9c                chip_v6_rxmax_ext_dig
                0x40210ae8                chip_v6_rxmax_ext
                0x40210b94                phy_bb_rx_cfg
                0x40210fac                uart_wait_idle
                0x40210fe4                phy_pbus_soc_cfg
                0x4021109c                phy_gpio_cfg
                0x402112b4                tx_cont_en
                0x4021135c                tx_cont_dis
                0x402113b0                tx_cont_cfg
                0x402113d0                chip_v6_initialize_bb
                0x4021153c                periodic_cal
                0x4021161c                bbpll_cal
                0x402116b4                periodic_cal_top
                0x40211714                register_chipv6_phy_init_param
                0x402119bc                change_bbpll160_sleep
                0x40211b6c                change_bbpll160
                0x40211ba4                set_crystal_uart
                0x40211c38                ant_switch_init
                0x40211ce8                reduce_current_init
                0x40211dd4                rtc_mem_check
                0x40211e10                phy_afterwake_set_rfoption
                0x40211e30                deep_sleep_set_option
                0x40211e5c                write_data_to_rtc
                0x40211e94                get_data_from_rtc
                0x40211f14                register_chipv6_phy
                0x402123b0                set_dpd_bypass
                0x402123d8                set_rf_gain_stage10
                0x40212408                get_vdd33_offset
                0x4021247c                get_phy_target_power
                0x40212530                set_most_pwr_reg
                0x40212604                phy_set_most_tpw
                0x40212624                phy_vdd33_set_tpw
                0x4021263c                get_adc_rand
                0x40212670                phy_get_rand
                0x40212688                phy_tx_pwctrl_cali
                0x402126b0                phy_check_data_table
                0x402126ec                phy_after_init_enrx
                0x40212750                phy_set_rx11b_reg
                0x40212784                phy_set_powerup_option
                0x40212794                phy_get_txpwr_param
                0x402127e0                phy_get_rxnf_param
                0x402127ec                phy_get_freq_param
 .irom0.text    0x40212800     0x2178 /opt/esp-open-sdk/sdk/lib/libphy.a(phy_chip_v6_cal.o)
                               0x23a4 (size before relaxing)
                0x40212800                txbbgain2dcoindex
                0x40212820                dcoindex2txbbgain
                0x40212844                init_cal_dcoffset
                0x40212908                set_rfanagain_dc_reg
                0x402129a4                set_txdc_pbus
                0x40212a10                get_rf_gain_qdb
                0x40212a38                correct_rf_ana_gain
                0x40212b40                get_sar_dout
                0x40212bcc                cal_rf_ana_gain
                0x40212cf8                meas_tone_pwr_db
                0x40212d68                tx_pwr_backoff
                0x40212ef0                get_fcc_1m2m_pwr_offset
                0x40212f2c                ram_set_txbb_atten
                0x40212fc0                txiq_get_mis_pwr
                0x40213068                txiq_cover
                0x40213284                ram_rfcal_txiq
                0x402134f4                rc_cal
                0x402136b4                get_target_power_offset
                0x402137bc                get_pwctrl_correct
                0x40213814                tx_pwctrl_cal
                0x40213b10                tx_pwctrl_bg_init
                0x40213b88                tx_pwctrl_background
                0x40213c40                read_sar_dout
                0x40213ca4                ram_get_fm_sar_dout
                0x40213d48                ram_cal_tos_v60
                0x40213f18                ram_get_bb_atten
                0x40213f48                ram_rfcal_txcap
                0x4021410c                ram_rfcal_pwrctrl
                0x40214334                ram_rxiq_get_mis
                0x40214504                ram_rxiq_cover_mg_mp
                0x402146a8                ram_rfcal_rxiq
                0x402148b4                dpd_scale_set
                0x402148fc                dpd_mem_write
 .irom0.text    0x40214978      0xd9a /opt/esp-open-sdk/sdk/lib/libphy.a(phy_sleep.o)
                                0xfc6 (size before relaxing)
                0x40214978                pm_usec2rtc
                0x402149ac                pm_rtc2usec
                0x402149bc                pm_set_sleep_cycles
                0x402149e0                pm_sleep_opt
                0x40214b24                pm_wakeup_opt
                0x40214b5c                get_chip_version
                0x40214b9c                pm_sleep_opt_bb_off
                0x40214bdc                pm_sleep_opt_bb_on
                0x40214c24                pm_set_pll_xtal_wait_time
                0x40214c50                pm_prepare_to_sleep
                0x40214c58                pm_sdio_nidle
                0x40214ccc                chg_lslp_mem_opt_8266
                0x40214cfc                pm_goto_sleep
                0x40214e48                pm_wait4wakeup
                0x40214e84                pm_open_rf
                0x40214ec8                pm_sleep_set_mac
                0x40214f4c                pm_set_wakeup_mac
                0x40214fe4                pm_check_mac_idle
                0x4021503c                pm_set_sleep_btco
                0x402150dc                pm_set_wakeup_btco
                0x402151f4                pm_set_sleep_mode
                0x40215310                pm_unmask_bt
                0x40215378                pm_wakeup_init
                0x402155b8                sleep_opt_8266
                0x402155d8                sleep_opt_bb_on_8266
                0x40215610                sleep_reset_analog_rtcreg_8266
 *fill*         0x40215712        0x2 
 .irom0.text    0x40215714      0x469 /opt/esp-open-sdk/sdk/lib/libpp.a(if_hwctrl.o)
                                0x581 (size before relaxing)
                0x40215734                ic_get_addr
                0x40215740                ic_set_opmode
                0x40215754                ic_enable_interface
                0x402157a4                ic_interface_enabled
                0x402157b8                ic_disable_interface
                0x40215800                ic_is_pure_sta
                0x4021581c                ic_get_ptk_alg
                0x4021582c                ic_get_gtk_alg
                0x4021583c                ic_set_ptk_alg
                0x4021584c                ic_set_gtk_alg
                0x4021585c                ic_interface_is_p2p
                0x402158f4                ic_set_vif
                0x402159b4                ic_set_sta
                0x40215a8c                ic_bss_info_update
                0x40215ae8                ic_set_key
                0x40215b44                ic_remove_key
                0x40215b58                ic_get_rssi
 *fill*         0x40215b7d        0x3 
 .irom0.text    0x40215b80      0x100 /opt/esp-open-sdk/sdk/lib/libpp.a(lmac.o)
                                0x118 (size before relaxing)
                0x40215b84                lmacInitAc
                0x40215bb8                lmacInit
                0x40215c64                lmacSetRetryLimit
 .irom0.text    0x40215c80     0x19f9 /opt/esp-open-sdk/sdk/lib/libpp.a(pm.o)
                               0x1f91 (size before relaxing)
                0x40215c88                pm_rtc_clock_cali_proc
                0x40215cc0                pm_get_ck170_period
                0x40215ce4                pm_set_sleep_time
                0x40216068                pm_rf_is_closed
                0x40216098                pm_set_sleep_type_from_upper
                0x40216188                pm_get_sleep_type
                0x40216344                uart_tx_flush
                0x40216348                pm_suspend
                0x40216568                pm_shutdown
                0x40216630                pm_reset_idle_sleep
                0x40216670                pm_idle_sleep
                0x4021667c                pm_open
                0x4021675c                pm_onBcnRx
                0x40216af4                StopLightSleepSetFunc
                0x40216afc                LightSleepWakedCbSetFunc
                0x402170b8                pm_enable_gpio_wakeup
                0x402170f0                pm_attach
                0x402171e4                pm_send_nullfunc
                0x40217388                pm_is_waked
                0x402173a0                pm_is_open
                0x402173b8                pm_scan_lock
                0x402173e0                pm_try_scan_unlock
                0x402173f8                pm_force_scan_unlock
                0x4021749c                pm_scan_unlocked
                0x402174b0                pm_allow_tx
                0x402174cc                pm_assoc_parse
                0x402174e4                pm_set_addr
                0x40217504                pm_sleep_for
                0x40217534                pm_post
                0x40217638                pm_get_idle_wait_time
 *fill*         0x40217679        0x3 
 .irom0.text    0x4021767c      0xb48 /opt/esp-open-sdk/sdk/lib/libpp.a(pm_for_bcn_only_mode.o)
                                0xf0c (size before relaxing)
                0x40217690                wifi_fpm_set_sleep_type
                0x40217690                fpm_set_type_from_upper
                0x4021774c                wifi_fpm_get_sleep_type
                0x4021774c                fpm_get_slp_type
                0x40217754                fpm_rf_is_closed
                0x40217768                fpm_is_open
                0x40217774                fpm_allow_tx
                0x40217798                wifi_fpm_close
                0x40217798                fpm_close
                0x40217814                wifi_fpm_open
                0x40217814                fpm_open
                0x4021787c                fpm_attach
                0x40217a60                wifi_fpm_set_wakeup_cb
                0x40217a60                fpm_set_wakeup_cb
                0x40217ba4                wifi_fpm_do_wakeup
                0x40217ba4                fpm_do_wakeup
                0x402180dc                fpm_do_sleep
                0x402180dc                wifi_fpm_do_sleep
                0x4021817c                fpm_auto_sleep_set_in_null_mode
                0x4021817c                wifi_fpm_auto_sleep_set_in_null_mode
                0x402181bc                get_fpm_auto_sleep_flag
 .irom0.text    0x402181c4     0x15ba /opt/esp-open-sdk/sdk/lib/libpp.a(pp.o)
                               0x19a2 (size before relaxing)
                0x402181d0                PPWdtReset
                0x40218204                pp_soft_wdt_init
                0x40218224                system_soft_wdt_feed
                0x40218224                pp_soft_wdt_feed
                0x40218240                pp_soft_wdt_stop
                0x40218240                system_soft_wdt_stop
                0x4021826c                pp_soft_wdt_restart
                0x4021826c                system_soft_wdt_restart
                0x402182a4                RxNodeNum
                0x402182bc                TxNodeNum
                0x402182e0                pp_disable_noise_timer
                0x40218300                pp_enable_noise_timer
                0x40218410                pp_noise_test
                0x40218420                reset_noise_timer
                0x40218458                pp_disable_idle_timer
                0x4021847c                pp_enable_idle_timer
                0x402184a4                pp_try_enable_idle_timer
                0x402184e0                ppPeocessRxPktHdr
                0x40218814                HdlAllBuffedEb
                0x4021889c                ppTxPkt
                0x40218a14                ppProcessWaitQ
                0x40218a24                ppRegisterTxCallback
                0x40218a4c                ppUnregisterTxCallback
                0x40218a80                ppRecycleRxPkt
                0x40218ae0                ppCheckTxIdle
                0x40218d5c                pp_tx_idle_timeout
                0x40218f20                DefFreqCalTimerCB
                0x4021929c                ppGetTxQFirstAvail_Locked
                0x4021937c                pp_attach
 *fill*         0x4021977e        0x2 
 .irom0.text    0x40219780      0x296 /opt/esp-open-sdk/sdk/lib/libpp.a(rate_control.o)
                                0x2a2 (size before relaxing)
                0x402199cc                RC_SetBasicRate
 *fill*         0x40219a16        0x2 
 .irom0.text    0x40219a18      0x5e9 /opt/esp-open-sdk/sdk/lib/libpp.a(trc.o)
                                0x64d (size before relaxing)
                0x40219a18                phytype2mode
                0x40219a34                rc_set_rate_limit_id
                0x40219b50                rcUpdatePhyMode
                0x40219d1c                rcAttach
                0x40219d68                rcGetTrc
                0x40219d70                trc_onDisconnect
                0x40219d74                trc_onScanStart
                0x40219d88                trc_onScanDone
                0x40219da4                rc_enable_trc
                0x40219e7c                rc_get_mask
                0x40219e90                rc_disable_trc
                0x40219ee4                rc_disable_trc_by_interface
                0x40219f00                rc_get_sta_trc
                0x40219f44                rc_get_trc
                0x40219fb4                rc_get_trc_by_index
                0x40219fd4                rc_only_sta_trc
 *fill*         0x4021a001        0x3 
 .irom0.text    0x4021a004      0xaf7 /opt/esp-open-sdk/sdk/lib/libpp.a(wdev.o)
                                0xc53 (size before relaxing)
                0x4021a010                wDev_Option_Init
                0x4021a104                wDev_Enable_Beacon_Tsf
                0x4021a120                wDev_Disable_Beacon_Tsf
                0x4021a13c                wDev_Set_Beacon_Int
                0x4021a144                wDev_Reset_TBTT
                0x4021a174                wDev_Get_Next_TBTT
                0x4021a3f0                wDev_Initialize
                0x4021a460                wDevForceAck6M
                0x4021a47c                wDev_SetMacAddress
                0x4021a518                wDev_SetRxPolicy
                0x4021a56c                wDev_SetBssid
                0x4021a644                wDev_ClearBssid
                0x4021a67c                wDev_Insert_KeyEntry
                0x4021a770                wDev_remove_KeyEntry
                0x4021a7ac                wDev_remove_KeyEntry_all_cnx
                0x4021a7fc                wDev_Crypto_Conf
                0x4021a898                wDev_Crypto_Disable
                0x4021a8d0                wDevEnableRx
                0x4021a8f8                wdev_go_sniffer
                0x4021a9d4                wdev_set_sniffer_addr
                0x4021aa2c                wdev_exit_sniffer
 *fill*         0x4021aafb        0x1 
 .irom0.text    0x4021aafc      0x3ed /opt/esp-open-sdk/sdk/lib/libpp.a(esf_buf.o)
                                0x4c1 (size before relaxing)
                0x4021ab04                esf_buf_alloc
                0x4021acec                esf_buf_recycle
                0x4021ae2c                esf_buf_setup
 *fill*         0x4021aee9        0x3 
 .irom0.text    0x4021aeec      0x475 /opt/esp-open-sdk/sdk/lib/libnet80211.a(ieee80211.o)
                                0x545 (size before relaxing)
                0x4021af70                ieee80211_rate_ref_init
                0x4021af84                ieee80211_freedom_inside_cb
                0x4021afb4                ieee80211_freedom_init
                0x4021afd8                ieee80211_user_ie_init
                0x4021aff4                ieee80211_ifattach
                0x4021b058                ieee80211_mhz2ieee
                0x4021b0b4                ieee80211_chan2ieee
                0x4021b0d0                ieee80211_ieee2mhz
                0x4021b110                ieee80211_find_channel
                0x4021b13c                ieee80211_find_channel_byieee
                0x4021b18c                wifi_mode_set
 *fill*         0x4021b361        0x3 
 .irom0.text    0x4021b364       0xcf /opt/esp-open-sdk/sdk/lib/libnet80211.a(ieee80211_crypto.o)
                                 0xd7 (size before relaxing)
                0x4021b364                ieee80211_crypto_attach
                0x4021b368                ieee80211_crypto_available
                0x4021b36c                ieee80211_crypto_setkey
                0x4021b370                ieee80211_crypto_encap
                0x4021b3c8                ieee80211_crypto_decap
 *fill*         0x4021b433        0x1 
 .irom0.text    0x4021b434       0x4c /opt/esp-open-sdk/sdk/lib/libnet80211.a(ieee80211_ets.o)
                                 0x50 (size before relaxing)
                0x4021b438                ieee80211_getmgtframe
 .irom0.text    0x4021b480     0x1a08 /opt/esp-open-sdk/sdk/lib/libnet80211.a(ieee80211_hostap.o)
                               0x1f77 (size before relaxing)
                0x4021baa4                ieee80211_hostap_attach
                0x4021bba0                hostap_handle_timer
                0x4021bc38                hostap_input
                0x4021cb84                wifi_softap_start
                0x4021ccf0                wifi_softap_stop
 *fill*         0x4021ce88        0x0 
 .irom0.text    0x4021ce88      0xa82 /opt/esp-open-sdk/sdk/lib/libnet80211.a(ieee80211_ht.o)
                                0xb4e (size before relaxing)
                0x4021ce98                ieee80211_ht_attach
                0x4021ceec                ieee80211_ht_node_init
                0x4021cf2c                ieee80211_ht_node_cleanup
                0x4021cf64                ieee80211_parse_htcap
                0x4021d048                ieee80211_ht_updateparams
                0x4021d15c                ieee80211_setup_htrates
                0x4021d228                ieee80211_setup_basic_htrates
                0x4021d574                ieee80211_add_htcap
                0x4021d590                ieee80211_add_htcap_vendor
                0x4021d6b4                ieee80211_add_htinfo
                0x4021d6d0                ieee80211_add_htinfo_vendor
 *fill*         0x4021d90a        0x2 
 .irom0.text    0x4021d90c      0xa8c /opt/esp-open-sdk/sdk/lib/libnet80211.a(ieee80211_input.o)
                                0xb1c (size before relaxing)
                0x4021d90c                ieee80211_deliver_data
                0x4021d960                ieee80211_decap
                0x4021da64                ieee80211_setup_rates
                0x4021dad4                ieee80211_alloc_challenge
                0x4021db10                ieee80211_parse_beacon
                0x4021e0e4                ieee80211_parse_wpa
                0x4021e1f8                ieee80211_parse_rsn
                0x4021e2f8                ieee80211_parse_action
                0x4021e394                ieee80211_setup_rateset
 .irom0.text    0x4021e398      0x2a6 /opt/esp-open-sdk/sdk/lib/libnet80211.a(ieee80211_mesh_quick.o)
                                0x302 (size before relaxing)
                0x4021e3a4                ieee80211_mesh_quick_init
                0x4021e414                ieee80211_mesh_quick_deinit
                0x4021e444                ieee80211_mesh_quick_set
                0x4021e540                ieee80211_mesh_quick_get
                0x4021e60c                ieee80211_mesh_quick_ie_add
 *fill*         0x4021e63e        0x2 
 .irom0.text    0x4021e640     0x1c56 /opt/esp-open-sdk/sdk/lib/libnet80211.a(ieee80211_output.o)
                               0x1ff2 (size before relaxing)
                0x4021e644                ieee80211_output_pbuf
                0x4021e8b4                ieee80211_send_setup
                0x4021e9e8                ieee80211_mgmt_output
                0x4021eacc                ieee80211_tx_mgt_cb
                0x4021ead0                ieee80211_send_nulldata
                0x4021ef40                ieee80211_add_rates
                0x4021ef90                ieee80211_add_xrates
                0x4021f060                ieee80211_send_probereq
                0x4021f274                ieee80211_getcapinfo
                0x4021f2d0                ieee80211_send_mgmt
                0x4021f878                ieee80211_alloc_proberesp
                0x4021fa50                ieee80211_send_proberesp
                0x4021fb98                ieee80211_alloc_deauth
                0x4021fbd8                ieee80211_send_deauth
                0x4021fd14                ieee80211_freedom_output
                0x40220100                ieee80211_beacon_alloc
 *fill*         0x40220296        0x2 
 .irom0.text    0x40220298       0xe0 /opt/esp-open-sdk/sdk/lib/libnet80211.a(ieee80211_phy.o)
                                0x108 (size before relaxing)
                0x40220298                ieee80211_phy_init
                0x402202cc                ieee80211_phy_type_get
                0x402202e8                ieee80211_setup_ratetable
 .irom0.text    0x40220378      0x1b6 /opt/esp-open-sdk/sdk/lib/libnet80211.a(ieee80211_power.o)
                                0x1f2 (size before relaxing)
                0x40220378                ieee80211_psq_init
                0x40220398                ieee80211_psq_cleanup
                0x402203a0                ieee80211_set_tim
                0x402203e0                ieee80211_pwrsave
                0x40220448                pwrsave_flushq
                0x402204f8                ieee80211_node_pwrsave
 *fill*         0x4022052e        0x2 
 .irom0.text    0x40220530      0x101 /opt/esp-open-sdk/sdk/lib/libnet80211.a(ieee80211_proto.o)
                                0x129 (size before relaxing)
                0x40220534                ieee80211_proto_attach
                0x4022055c                ieee80211_set_shortslottime
                0x40220578                ieee80211_iserp_rateset
                0x402205ac                ieee80211_wme_initparams
                0x402205b0                ieee80211_wme_updateparams
                0x402205b8                ieee80211_mlme_connect_bss
 *fill*         0x40220631        0x3 
 .irom0.text    0x40220634       0xaa /opt/esp-open-sdk/sdk/lib/libnet80211.a(ieee80211_rfid.o)
                                 0xd6 (size before relaxing)
                0x40220634                ieee80211_rfid_locp_recv_open
                0x4022066c                ieee80211_rfid_locp_recv_close
                0x40220684                ieee80211_rfid_locp_recv_reset
                0x402206a4                ieee80211_rfid_locp_recv
                0x402206c0                register_ieee80211_rfid_locp_recv_cb
                0x402206d4                unregister_ieee80211_rfid_locp_recv_cb
 *fill*         0x402206de        0x2 
 .irom0.text    0x402206e0      0xf51 /opt/esp-open-sdk/sdk/lib/libnet80211.a(ieee80211_scan.o)
                               0x12a1 (size before relaxing)
                0x402206ec                ieee80211_scan_attach
                0x40220780                scan_start
                0x40220940                scan_pm_channel_op_cb
                0x40220ae0                scan_cancel
                0x40220c3c                scan_add_bssid
                0x40220c60                scan_remove_bssid
                0x40220c6c                scan_hidden_ssid
                0x40220c74                scan_add_probe_ssid
                0x40220cc8                scan_remove_probe_ssid
                0x40220e04                scan_clear_channles
                0x40220e78                scan_set_desChan
                0x40220e84                scan_get_type
                0x40220e8c                cannel_scan_connect_state
                0x40220ea4                scan_connect_state
                0x40220eec                scan_check_hidden
                0x40220f18                scan_profile_check
                0x402212c0                scan_parse_beacon
 *fill*         0x40221631        0x3 
 .irom0.text    0x40221634     0x103e /opt/esp-open-sdk/sdk/lib/libnet80211.a(ieee80211_sta.o)
                               0x12c1 (size before relaxing)
                0x40221690                sta_status_set
                0x402216fc                ieee80211_sta_new_state
                0x40221a8c                sta_input
                0x40221fd8                ieee80211_parse_wmeparams
                0x402225c8                wifi_station_start
                0x40222638                wifi_station_stop
 *fill*         0x40222672        0x2 
 .irom0.text    0x40222674      0x29e /opt/esp-open-sdk/sdk/lib/libnet80211.a(wl_chm.o)
                                0x31e (size before relaxing)
                0x40222680                chm_init
                0x402226e4                chm_acquire_lock
                0x40222728                chm_release_lock
                0x4022273c                chm_start_op
                0x402227e0                chm_end_op
                0x40222828                chm_cancel_op
                0x4022285c                chm_return_home_channel
                0x4022288c                chm_set_current_channel
                0x402228bc                chm_freq2index
                0x402228e4                chm_check_same_channel
 *fill*         0x40222912        0x2 
 .irom0.text    0x40222914     0x17d9 /opt/esp-open-sdk/sdk/lib/libnet80211.a(wl_cnx.o)
                               0x1d4d (size before relaxing)
                0x40222920                cnx_attach
                0x40222960                cnx_sta_connect_led_timer_cb
                0x402229b4                cnx_sta_connect_cmd
                0x40222a70                cnx_sta_scan_cmd
                0x40222cd8                cnx_connect_timeout
                0x40222d54                cnx_auth_timeout
                0x40222d78                cnx_assoc_timeout
                0x40222d9c                cnx_handshake_timeout
                0x40222ddc                cnx_start_handoff_cb
                0x4022324c                cnx_bss_alloc
                0x402232ec                cnx_rc_search
                0x4022336c                cnx_add_rc
                0x402233d8                cnx_remove_all_rc
                0x40223424                cnx_remove_rc
                0x402234f4                cnx_rc_update_rssi
                0x4022357c                cnx_rc_update_state_metric
                0x402235e8                cnx_rc_update_age
                0x4022360c                cnx_update_bss
                0x40223640                cnx_update_bss_more
                0x4022381c                cnx_sta_leave
                0x40223ab0                cnx_sta_associated
                0x40223bb8                cnx_node_alloc
                0x40223c2c                cnx_node_remove
                0x40223cb8                cnx_node_search
                0x40223d34                cnx_node_leave
                0x40223e34                wifi_softap_staconnected_event_policy
                0x40223e5c                wifi_softap_toomany_deny
                0x40223e98                cnx_node_join
 *fill*         0x402240ed        0x3 
 .irom0.text    0x402240f0      0x16f /opt/esp-open-sdk/sdk/lib/libnet80211.a(ieee80211_action.o)
                                0x193 (size before relaxing)
                0x40224100                ieee80211_send_action_register
                0x40224134                ieee80211_send_action_unregister
                0x40224148                ieee80211_send_action
                0x402241b4                ieee80211_recv_action_register
                0x402241e8                ieee80211_recv_action_unregister
                0x402241fc                ieee80211_recv_action
 *fill*         0x4022425f        0x1 
 .irom0.text    0x40224260      0x479 /opt/esp-open-sdk/sdk/lib/libnet80211.a(ieee80211_action_vendor.o)
                                0x505 (size before relaxing)
                0x40224264                get_iav_key
                0x40224284                register_ieee80211_action_vendor_get_key_cb
                0x40224298                unregister_ieee80211_action_vendor_get_key_cb
                0x402242ac                ieee80211_add_action_vendor_spec_esp
                0x402242f4                ieee80211_alloc_action_vendor_spec
                0x402243e0                ieee80211_send_action_vendor_spec
                0x40224574                ieee80211_recv_action_vendor_spec
                0x4022467c                ieee80211_action_vendor_spec_attach
                0x402246bc                register_ieee80211_action_vendor_spec_cb
                0x402246d0                unregister_ieee80211_action_vendor_spec_cb
 *fill*         0x402246d9        0x3 
 .irom0.text    0x402246dc      0x15d /opt/esp-open-sdk/sdk/lib/libnet80211.a(ieee80211_crypto_ccmp.o)
                                0x165 (size before relaxing)
 *fill*         0x40224839        0x3 
 .irom0.text    0x4022483c      0x23d /opt/esp-open-sdk/sdk/lib/libnet80211.a(ieee80211_ie_vendor.o)
                                0x25d (size before relaxing)
                0x40224840                ieee80211_add_ie_vendor_esp_head
                0x40224878                ieee80211_add_ie_vendor_esp_mesh_assoc
                0x402248fc                ieee80211_add_ie_vendor_esp_mesh_group
                0x4022492c                ieee80211_add_ie_vendor_esp_simple_pair
                0x4022497c                ieee80211_add_ie_vendor_esp_freq_annon
                0x402249b4                ieee80211_add_ie_vendor_esp_now
                0x402249ec                ieee80211_add_ie_vendor_esp_ssid
                0x40224a2c                ieee80211_add_ie_vendor_esp_manufacturer
 *fill*         0x40224a79        0x3 
 .irom0.text    0x40224a7c     0x13f0 /opt/sming/Sming/compiler/lib//liblwip_open.a(dhcp.o)
                               0x15d8 (size before relaxing)
                0x40225838                dhcp_set_struct
                0x40225864                dhcp_cleanup
                0x4022588c                dhcp_inform
                0x40225938                dhcp_network_changed
                0x40225984                dhcp_arp_reply
                0x40225a34                dhcp_renew
                0x40225b18                dhcp_coarse_tmr
                0x40225ba4                dhcp_release
                0x40225c74                dhcp_fine_tmr
                0x40225d6c                dhcp_stop
                0x40225da8                dhcp_start
 .irom0.text    0x40225e6c      0x5c3 /opt/sming/Sming/compiler/lib//liblwip_open.a(dns.o)
                                0x677 (size before relaxing)
                0x40226270                dns_setserver
                0x40226298                dns_init
                0x402262dc                dns_getserver
                0x402262f4                dns_tmr
                0x40226324                dns_gethostbyname
 *fill*         0x4022642f        0x1 
 .irom0.text    0x40226430       0x51 /opt/sming/Sming/compiler/lib//liblwip_open.a(init.o)
                                 0x71 (size before relaxing)
                0x40226440                lwip_init
 *fill*         0x40226481        0x3 
 .irom0.text    0x40226484      0x280 /opt/sming/Sming/compiler/lib//liblwip_open.a(netif.o)
                                0x2dc (size before relaxing)
                0x40226484                netif_init
                0x40226488                netif_find
                0x402264bc                netif_set_ipaddr
                0x40226528                netif_set_addr
                0x4022655c                netif_add
                0x402265d0                netif_set_gw
                0x402265d8                netif_set_netmask
                0x402265e0                netif_set_default
                0x402265e8                netif_set_up
                0x40226624                netif_set_down
                0x40226644                netif_remove
                0x402266ac                netif_set_link_up
                0x402266f4                netif_set_link_down
 .irom0.text    0x40226704      0x750 /opt/sming/Sming/compiler/lib//liblwip_open.a(pbuf.o)
                                0x794 (size before relaxing)
                0x40226704                pbuf_free_ooseq_new
                0x40226760                pbuf_header
                0x402267f0                pbuf_free
                0x40226888                pbuf_alloc
                0x40226a08                pbuf_realloc
                0x40226a54                pbuf_clen
                0x40226a68                pbuf_ref
                0x40226a74                pbuf_cat
                0x40226aa8                pbuf_chain
                0x40226ac4                pbuf_dechain
                0x40226afc                pbuf_copy
                0x40226bc0                pbuf_copy_partial
                0x40226c54                pbuf_take
                0x40226cc8                pbuf_coalesce
                0x40226d08                pbuf_get_at
                0x40226d2c                pbuf_memcmp
                0x40226da8                pbuf_memfind
                0x40226e0c                pbuf_strstr
 .irom0.text    0x40226e54      0xb17 /opt/sming/Sming/compiler/lib//liblwip_open.a(tcp.o)
                                0xc6b (size before relaxing)
                0x40226e54                tcp_bind
                0x40226edc                tcp_listen_with_backlog
                0x40226f9c                tcp_update_rcv_ann_wnd
                0x40226fe8                tcp_recved
                0x40227040                tcp_seg_free
                0x4022706c                tcp_segs_free
                0x4022708c                tcp_setprio
                0x40227094                tcp_seg_copy
                0x402270d0                tcp_arg
                0x402270d4                tcp_recv
                0x402270dc                tcp_sent
                0x402270e4                tcp_err
                0x402270ec                tcp_accept
                0x402270f0                tcp_poll
                0x402270f8                tcp_pcb_purge
                0x40227158                tcp_slowtmr
                0x40227408                tcp_pcb_remove
                0x40227474                tcp_close
                0x4022749c                tcp_recv_null
                0x402274d4                tcp_fasttmr
                0x40227568                tcp_tmr
                0x4022758c                tcp_shutdown
                0x402275f0                tcp_abandon
                0x40227690                tcp_abort
                0x402276a8                tcp_next_iss
                0x402276c8                tcp_alloc
                0x40227814                tcp_new
                0x40227828                tcp_eff_send_mss
                0x4022785c                tcp_connect
 *fill*         0x4022796b        0x1 
 .irom0.text    0x4022796c      0xf4f /opt/sming/Sming/compiler/lib//liblwip_open.a(tcp_out.o)
                               0x105b (size before relaxing)
                0x40227b64                tcp_write
                0x40227e84                tcp_enqueue_flags
                0x40227f44                tcp_send_fin
                0x40227f90                tcp_send_empty_ack
                0x4022802c                tcp_output
                0x40228450                tcp_rst
                0x40228594                tcp_rexmit_rto
                0x40228618                tcp_rexmit
                0x402286c4                tcp_rexmit_fast
                0x40228728                tcp_keepalive
                0x402287ac                tcp_zero_window_probe
 *fill*         0x402288bb        0x1 
 .irom0.text    0x402288bc      0x283 /opt/sming/Sming/compiler/lib//liblwip_open.a(timers.o)
                                0x30f (size before relaxing)
                0x402288c4                sys_timeout
                0x40228954                tcp_timer_needed
                0x402289c4                sys_timeouts_init
                0x40228a50                sys_untimeout
                0x40228aa8                sys_check_timeouts
                0x40228b30                sys_restart_timeouts
 *fill*         0x40228b3f        0x1 
 .irom0.text    0x40228b40      0x50c /opt/sming/Sming/compiler/lib//liblwip_open.a(udp.o)
                                0x58c (size before relaxing)
                0x40228b4c                udp_input
                0x40228d1c                udp_bind
                0x40228d98                udp_sendto_if
                0x40228ee0                udp_sendto
                0x40228f34                udp_send
                0x40228f50                udp_connect
                0x40228fb8                udp_disconnect
                0x40228fcc                udp_recv
                0x40228fd8                udp_remove
                0x40229014                udp_new
 .irom0.text    0x4022904c      0x220 /opt/sming/Sming/compiler/lib//liblwip_open.a(icmp.o)
                                0x2a8 (size before relaxing)
                0x4022904c                icmp_input
                0x402291c4                icmp_dest_unreach
 .irom0.text    0x4022926c      0x5b6 /opt/sming/Sming/compiler/lib//liblwip_open.a(igmp.o)
                                0x636 (size before relaxing)
                0x40229408                igmp_init
                0x4022941c                igmp_stop
                0x40229488                igmp_report_groups
                0x402294b8                igmp_lookfor_group
                0x402294d4                igmp_start
                0x40229530                igmp_input
                0x40229650                igmp_joingroup
                0x40229710                igmp_leavegroup
                0x402297e8                igmp_tmr
 *fill*         0x40229822        0x2 
 .irom0.text    0x40229824      0x384 /opt/sming/Sming/compiler/lib//liblwip_open.a(ip_addr.o)
                                0x3a8 (size before relaxing)
                0x40229824                ip4_addr_isbroadcast
                0x4022985c                ip4_addr_netmask_valid
                0x402298ac                ipaddr_aton
                0x40229a9c                ipaddr_addr
                0x40229ab8                ipaddr_ntoa_r
                0x40229b94                ipaddr_ntoa
 .irom0.text    0x40229ba8      0x5c2 /opt/sming/Sming/compiler/lib//liblwip_open.a(ip.o)
                                0x662 (size before relaxing)
                0x40229ba8                ip_route
                0x40229c20                ip_router
                0x40229c84                ip_input
                0x40229ee4                ip_output_if_opt
                0x4022a0f4                ip_output_if
                0x4022a11c                ip_output
 *fill*         0x4022a16a        0x2 
 .irom0.text    0x4022a16c      0x8a7 /opt/sming/Sming/compiler/lib//liblwip_open.a(etharp.o)
                                0x9a3 (size before relaxing)
                0x4022a304                etharp_tmr
                0x4022a35c                etharp_cleanup_netif
                0x4022a398                etharp_find_addr
                0x4022a3e8                etharp_request
                0x4022a530                etharp_query
                0x4022a6cc                etharp_output
                0x4022a7c4                ethernet_input
 *fill*         0x4022aa13        0x1 
 .irom0.text    0x4022aa14      0xbfb /opt/sming/Sming/compiler/lib//liblwip_open.a(dhcpserver.o)
                                0xd97 (size before relaxing)
                0x4022ac0c                node_insert_to_list
                0x4022ac48                node_remove_from_list
                0x4022b18c                dhcps_start
                0x4022b310                dhcps_stop
                0x4022b37c                wifi_softap_set_dhcps_lease
                0x4022b468                wifi_softap_get_dhcps_lease
                0x4022b4b0                dhcps_coarse_tmr
                0x4022b56c                wifi_softap_set_dhcps_offer_option
                0x4022b5ac                wifi_softap_set_dhcps_lease_time
                0x4022b5dc                wifi_softap_reset_dhcps_lease_time
                0x4022b608                wifi_softap_get_dhcps_lease_time
 *fill*         0x4022b60f        0x1 
 .irom0.text    0x4022b610      0x1f1 /opt/sming/Sming/compiler/lib//liblwip_open.a(raw.o)
                                0x23d (size before relaxing)
                0x4022b614                raw_input
                0x4022b69c                raw_bind
                0x4022b6a8                raw_connect
                0x4022b6b4                raw_recv
                0x4022b6bc                raw_sendto
                0x4022b760                raw_send
                0x4022b77c                raw_remove
                0x4022b7b8                raw_new
 *fill*         0x4022b801        0x3 
 .irom0.text    0x4022b804     0x1387 /opt/sming/Sming/compiler/lib//liblwip_open.a(tcp_in.o)
                               0x154f (size before relaxing)
                0x4022c21c                tcp_input
 *fill*         0x4022cb8b        0x1 
 .irom0.text    0x4022cb8c      0x2aa /opt/esp-open-sdk/sdk/lib/libwpa.a(ap_config.o)
                                0x2ee (size before relaxing)
                0x4022cb90                hostapd_config_defaults_bss
                0x4022cbdc                hostapd_config_defaults
                0x4022cc60                hostapd_mac_comp
                0x4022cc74                hostapd_mac_comp_empty
                0x4022cce0                hostapd_setup_wpa_psk
                0x4022cd10                hostapd_wep_key_cmp
                0x4022cd60                hostapd_maclist_found
                0x4022cdc8                hostapd_rate_found
                0x4022cde4                hostapd_get_psk
 *fill*         0x4022ce36        0x2 
 .irom0.text    0x4022ce38      0x2b6 /opt/esp-open-sdk/sdk/lib/libwpa.a(common.o)
                                0x302 (size before relaxing)
                0x4022ce38                inc_byte_array
                0x4022ce8c                hex2byte
                0x4022cec0                hexstr2bin
                0x4022cf0c                wpa_get_ntp_timestamp
                0x4022cfa4                wpa_config_parse_string
                0x4022d0a8                dup_binstr
 *fill*         0x4022d0ee        0x2 
 .irom0.text    0x4022d0f0       0xcc /opt/esp-open-sdk/sdk/lib/libwpa.a(os_xtensa.o)
                                 0xdc (size before relaxing)
                0x4022d0f4                ets_strdup
                0x4022d138                os_get_time
                0x4022d13c                r_rand
                0x4022d150                os_random
                0x4022d160                os_get_random
 .irom0.text    0x4022d1bc     0x1c86 /opt/esp-open-sdk/sdk/lib/libwpa.a(wpa_auth.o)
                               0x1f66 (size before relaxing)
                0x4022d308                wpa_auth_for_each_sta
                0x4022d488                wpa_init
                0x4022d518                wpa_auth_sta_init
                0x4022d560                wpa_auth_sta_associated
                0x4022d5cc                wpa_auth_sta_no_wpa
                0x4022d628                wpa_auth_sta_deinit
                0x4022d6f8                wpa_receive
                0x4022db5c                __wpa_send_eapol
                0x4022e080                wpa_remove_ptk
                0x4022e0cc                wpa_auth_sm_event
 *fill*         0x4022ee42        0x2 
 .irom0.text    0x4022ee44      0x582 /opt/esp-open-sdk/sdk/lib/libwpa.a(wpa_auth_ie.o)
                                0x5f6 (size before relaxing)
                0x4022ef08                wpa_write_rsn_ie
                0x4022f014                wpa_auth_gen_wpa_ie
                0x4022f0a4                wpa_add_kde
                0x4022f110                wpa_validate_wpa_ie
                0x4022f31c                wpa_parse_kde_ies
                0x4022f3b8                wpa_auth_uses_mfp
 *fill*         0x4022f3c6        0x2 
 .irom0.text    0x4022f3c8     0x14d0 /opt/esp-open-sdk/sdk/lib/libwpa.a(wpa.o)
                               0x1708 (size before relaxing)
                0x40230354                wpa_sm_rx_eapol
                0x402304cc                wpa_register
                0x402304f8                wpa_set_profile
                0x40230510                wpa_set_pmk
                0x4023053c                wpa_set_bss
                0x40230740                pp_michael_mic_failure
                0x402307e4                eapol_txcb
                0x40230870                wpa_sm_set_state
 .irom0.text    0x40230898      0x76a /opt/esp-open-sdk/sdk/lib/libwpa.a(wpa_common.o)
                                0x7fa (size before relaxing)
                0x402309e0                wpa_parse_wpa_ie_rsn
                0x40230b74                wpa_parse_wpa_ie_wpa
                0x40230d04                wpa_eapol_key_mic
                0x40230d44                wpa_compare_rsn_ie
                0x40230d6c                wpa_pmk_to_ptk
                0x40230e5c                rsn_pmkid
                0x40230eb8                wpa_cipher_key_len
                0x40230edc                wpa_cipher_to_alg
                0x40230f04                wpa_cipher_to_suite
                0x40230f58                rsn_cipher_put_suites
                0x40230fb8                wpa_cipher_put_suites
 *fill*         0x40231002        0x2 
 .irom0.text    0x40231004       0xa8 /opt/esp-open-sdk/sdk/lib/libwpa.a(wpa_debug.o)
                                 0xac (size before relaxing)
                0x4023107c                wpa_snprintf_hex_uppercase
                0x40231090                wpa_snprintf_hex
                0x402310a4                eloop_cancel_timeout
                0x402310a8                eloop_register_timeout
 .irom0.text    0x402310ac      0x325 /opt/esp-open-sdk/sdk/lib/libwpa.a(wpa_ie.o)
                                0x341 (size before relaxing)
                0x402310ac                wpa_parse_wpa_ie
                0x402311a0                wpa_supplicant_parse_ies
                0x402313a0                wpa_gen_wpa_ie
 *fill*         0x402313d1        0x3 
 .irom0.text    0x402313d4      0x418 /opt/esp-open-sdk/sdk/lib/libwpa.a(wpa_main.o)
                                0x52c (size before relaxing)
                0x402313d8                ppInstallKey
                0x40231568                wpa_config_profile
                0x4023159c                wpa_config_bss
                0x402315c8                wpa_config_assoc_ie
                0x402315dc                dhcp_bind_check
                0x40231610                eagle_auth_done
                0x4023178c                wpa_neg_complete
                0x402317b4                wpa_attach
 .irom0.text    0x402317ec       0xd6 /opt/esp-open-sdk/sdk/lib/libwpa.a(wpas_glue.o)
                                 0xe2 (size before relaxing)
                0x4023185c                wpa_sm_alloc_eapol
                0x4023189c                wpa_sm_deauthenticate
                0x402318b8                wpa_sm_mlme_setprotection
                0x402318bc                wpa_sm_get_beacon_ie
                0x402318c0                wpa_sm_disassociate
 *fill*         0x402318c2        0x2 
 .irom0.text    0x402318c4       0xdf /opt/esp-open-sdk/sdk/lib/libwpa.a(aes-wrap.o)
                                0x103 (size before relaxing)
                0x402318c4                aes_wrap
 *fill*         0x402319a3        0x1 
 .irom0.text    0x402319a4      0x4b7 /opt/esp-open-sdk/sdk/lib/libwpa.a(aes-internal-enc.o)
                                0x4df (size before relaxing)
                0x402319a8                rijndaelEncrypt
                0x40231dc4                aes_encrypt_init
                0x40231e18                aes_encrypt
                0x40231e30                aes_encrypt_deinit
 *fill*         0x40231e5b        0x1 
 .irom0.text    0x40231e5c      0x304 /opt/esp-open-sdk/sdk/lib/libwpa.a(aes-internal.o)
                                0x31c (size before relaxing)
                0x40231e60                rijndaelKeySetupEnc
 .irom0.text    0x40232160       0x28 /opt/sming/Sming/compiler/lib//libmicroc.a(sprintf.o)
                0x40232160                sprintf
 .irom0.text    0x40232188        0xf /opt/sming/Sming/compiler/lib//libmicroc.a(vsprintf.o)
                                 0x13 (size before relaxing)
                0x40232188                vsprintf
 *fill*         0x40232197        0x1 
 .irom0.text    0x40232198      0x135 /opt/sming/Sming/compiler/lib//libmicrogcc.a(_divsf3.o)
                0x40232214                __divsf3
 *fill*         0x402322cd        0x3 
 .irom0.text    0x402322d0      0x187 /opt/esp-open-sdk/sdk/lib/libnet80211.a(ieee80211_crypto_tkip.o)
                                0x197 (size before relaxing)
 *fill*         0x40232457        0x1 
 .irom0.text    0x40232458       0x78 /opt/esp-open-sdk/sdk/lib/libnet80211.a(ieee80211_crypto_wep.o)
                                 0x7c (size before relaxing)
 *fill*         0x402324d0        0x0 
 .irom.text     0x402324d0      0x4c0 /opt/esp-open-sdk/sdk/lib/libmain.a(app_main.o)
 *fill*         0x40232990        0x0 
 .irom.text     0x40232990      0x14c /opt/esp-open-sdk/sdk/lib/libmain.a(ets_timer.o)
 *fill*         0x40232adc        0x4 
 .irom.text     0x40232ae0       0x11 /opt/esp-open-sdk/sdk/lib/libmain.a(mem_manager.o)
 *fill*         0x40232af1        0xf 
 .irom.text     0x40232b00       0x5b /opt/esp-open-sdk/sdk/lib/libmain.a(spi_flash.o)
 *fill*         0x40232b5b        0x0 
 *fill*         0x40232b5b        0x5 
 .irom.text     0x40232b60      0x2d5 /opt/esp-open-sdk/sdk/lib/libmain.a(user_interface.o)
                0x40232b80                default_ssid
 *fill*         0x40232e35        0x0 
 *fill*         0x40232e35        0xb 
 .irom.text     0x40232e40       0x63 /opt/esp-open-sdk/sdk/lib/libmain.a(eagle_lwip_if.o)
 *fill*         0x40232ea3        0x1 
 .irom.debug.367
                0x40232ea4       0x14 out/build/app_app.a(application.o)
 .irom.debug.264
                0x40232eb8        0x8 out/build/app_app.a(application.o)
 .irom.debug.157
                0x40232ec0       0x22 out/build/app_app.a(application.o)
 *fill*         0x40232ee2        0x2 
 .irom.debug.047
                0x40232ee4        0xf out/build/app_app.a(application.o)
 *fill*         0x40232ef3        0x1 
 .irom0.text    0x40232ef4       0x4f /opt/sming/Sming/compiler/lib//libmicroc.a(__fpclassify.o)
                0x40232ef4                __fpclassify
                0x40232f34                __fpclassifyd
 *fill*         0x40232f43        0x0 
 *fill*         0x40232f43        0x0 
 *fill*         0x40232f43        0x0 
 *fill*         0x40232f43        0x0 
 *fill*         0x40232f43        0x0 
 *fill*         0x40232f43        0x0 
 *fill*         0x40232f43        0xd 
 .irom.text     0x40232f50       0x65 /opt/esp-open-sdk/sdk/lib/libphy.a(phy_chip_v6_ana.o)
 *fill*         0x40232fb5        0x0 
 *fill*         0x40232fb5        0xb 
 .irom.text     0x40232fc0      0x14c /opt/esp-open-sdk/sdk/lib/libphy.a(phy_chip_v6.o)
 *fill*         0x4023310c        0x4 
 .irom.text     0x40233110      0x1f4 /opt/esp-open-sdk/sdk/lib/libphy.a(phy_chip_v6_cal.o)
 .irom0.text    0x40233304        0xc /opt/esp-open-sdk/sdk/lib/libphy.a(phy_chip_v6_unused.o)
                0x40233304                chip_v6_set_sense
                0x40233308                chip_v6_get_sense
                0x4023330c                chip_v6_unset_chanfreq
 *fill*         0x40233310        0x0 
 *fill*         0x40233310        0x0 
 .irom.text     0x40233310       0x50 /opt/esp-open-sdk/sdk/lib/libpp.a(if_hwctrl.o)
 *fill*         0x40233360        0x0 
 .irom.text     0x40233360       0x2f /opt/esp-open-sdk/sdk/lib/libpp.a(lmac.o)
 *fill*         0x4023338f        0x0 
 *fill*         0x4023338f        0x1 
 .irom.text     0x40233390      0x10d /opt/esp-open-sdk/sdk/lib/libpp.a(pm.o)
 *fill*         0x4023349d        0x0 
 *fill*         0x4023349d        0x3 
 .irom.text     0x402334a0       0xf8 /opt/esp-open-sdk/sdk/lib/libpp.a(pm_for_bcn_only_mode.o)
 *fill*         0x40233598        0x8 
 .irom.text     0x402335a0       0x5b /opt/esp-open-sdk/sdk/lib/libpp.a(pp.o)
 *fill*         0x402335fb        0x0 
 *fill*         0x402335fb        0x0 
 *fill*         0x402335fb        0x5 
 .irom.text     0x40233600       0x38 /opt/esp-open-sdk/sdk/lib/libpp.a(trc.o)
 *fill*         0x40233638        0x0 
 .irom.text     0x40233638        0x7 /opt/esp-open-sdk/sdk/lib/libpp.a(wdev.o)
 *fill*         0x4023363f        0x0 
 *fill*         0x4023363f        0x1 
 .irom.text     0x40233640        0xa /opt/esp-open-sdk/sdk/lib/libpp.a(esf_buf.o)
 *fill*         0x4023364a        0x0 
 *fill*         0x4023364a        0x6 
 .irom.text     0x40233650       0x82 /opt/esp-open-sdk/sdk/lib/libnet80211.a(ieee80211.o)
                0x40233660                ieee80211_opcap
 *fill*         0x402336d2        0x0 
 *fill*         0x402336d2        0x0 
 *fill*         0x402336d2        0xe 
 .irom.text     0x402336e0       0x5b /opt/esp-open-sdk/sdk/lib/libnet80211.a(ieee80211_hostap.o)
 *fill*         0x4023373b        0x0 
 *fill*         0x4023373b        0x5 
 .irom.text     0x40233740       0x19 /opt/esp-open-sdk/sdk/lib/libnet80211.a(ieee80211_ht.o)
 *fill*         0x40233759        0x0 
 *fill*         0x40233759        0x7 
 .irom.text     0x40233760       0x12 /opt/esp-open-sdk/sdk/lib/libnet80211.a(ieee80211_input.o)
 *fill*         0x40233772        0x0 
 *fill*         0x40233772        0xe 
 .irom.text     0x40233780       0x43 /opt/esp-open-sdk/sdk/lib/libnet80211.a(ieee80211_mesh_quick.o)
 *fill*         0x402337c3        0x0 
 *fill*         0x402337c3        0xd 
 .irom.text     0x402337d0       0x1d /opt/esp-open-sdk/sdk/lib/libnet80211.a(ieee80211_output.o)
 *fill*         0x402337ed        0x0 
 *fill*         0x402337ed        0x3 
 .irom.text     0x402337f0      0x1b8 /opt/esp-open-sdk/sdk/lib/libnet80211.a(ieee80211_phy.o)
 *fill*         0x402339a8        0x0 
 *fill*         0x402339a8        0x8 
 .irom.text     0x402339b0       0x1c /opt/esp-open-sdk/sdk/lib/libnet80211.a(ieee80211_proto.o)
 *fill*         0x402339cc        0x0 
 *fill*         0x402339cc        0x4 
 .irom.text     0x402339d0       0x99 /opt/esp-open-sdk/sdk/lib/libnet80211.a(ieee80211_scan.o)
 *fill*         0x40233a69        0x0 
 *fill*         0x40233a69        0x7 
 .irom.text     0x40233a70       0x26 /opt/esp-open-sdk/sdk/lib/libnet80211.a(ieee80211_sta.o)
 *fill*         0x40233a96        0x0 
 *fill*         0x40233a96        0x0 
 *fill*         0x40233a96        0xa 
 .irom.text     0x40233aa0      0x187 /opt/esp-open-sdk/sdk/lib/libnet80211.a(wl_cnx.o)
 *fill*         0x40233c27        0x0 
 *fill*         0x40233c27        0x0 
 *fill*         0x40233c27        0x9 
 .irom.text     0x40233c30       0x83 /opt/esp-open-sdk/sdk/lib/libnet80211.a(ieee80211_action_vendor.o)
 *fill*         0x40233cb3        0x0 
 *fill*         0x40233cb3        0x1 
 .irom.text     0x40233cb4       0x18 /opt/esp-open-sdk/sdk/lib/libnet80211.a(ieee80211_crypto_ccmp.o)
                0x40233cb4                ccmp
 *fill*         0x40233ccc        0x0 
 *fill*         0x40233ccc        0x0 
 *fill*         0x40233ccc        0x0 
 *fill*         0x40233ccc        0x0 
 .irom.text     0x40233ccc       0x24 /opt/sming/Sming/compiler/lib//liblwip_open.a(tcp.o)
                0x40233ccc                tcp_pcb_lists
                0x40233cdc                tcp_persist_backoff
                0x40233ce3                tcp_backoff
 *fill*         0x40233cf0        0x0 
 *fill*         0x40233cf0        0x0 
 *fill*         0x40233cf0        0x0 
 .irom0.text    0x40233cf0      0x28c /opt/sming/Sming/compiler/lib//liblwip_open.a(inet_chksum.o)
                0x40233d58                inet_chksum_pseudo
                0x40233e18                inet_chksum_pseudo_partial
                0x40233ef4                inet_chksum
                0x40233f10                inet_chksum_pbuf
 .irom.text     0x40233f7c        0x8 /opt/sming/Sming/compiler/lib//liblwip_open.a(ip_addr.o)
                0x40233f7c                ip_addr_broadcast
                0x40233f80                ip_addr_any
 *fill*         0x40233f84        0x0 
 *fill*         0x40233f84        0x0 
 *fill*         0x40233f84        0x0 
 .irom.text     0x40233f84        0x4 /opt/sming/Sming/compiler/lib//liblwip_open.a(dhcpserver.o)
 .irom0.text    0x40233f88        0x2 /opt/sming/Sming/compiler/lib//liblwip_open.a(espconn_dummy.o)
                0x40233f88                espconn_init
 *fill*         0x40233f8a        0x2 
 .irom.text     0x40233f8c       0x28 /opt/sming/Sming/compiler/lib//liblwip_open.a(memp.o)
                0x40233f8c                memp_sizes
 *fill*         0x40233fb4        0x0 
 *fill*         0x40233fb4        0x0 
 *fill*         0x40233fb4        0xc 
 .irom.text     0x40233fc0        0xc /opt/esp-open-sdk/sdk/lib/libwpa.a(ap_config.o)
 *fill*         0x40233fcc        0x4 
 .irom.text     0x40233fd0        0x9 /opt/esp-open-sdk/sdk/lib/libwpa.a(common.o)
 *fill*         0x40233fd9        0x0 
 *fill*         0x40233fd9        0x7 
 .irom.text     0x40233fe0        0xc /opt/esp-open-sdk/sdk/lib/libwpa.a(os_xtensa.o)
 *fill*         0x40233fec        0x4 
 .irom.text     0x40233ff0       0x74 /opt/esp-open-sdk/sdk/lib/libwpa.a(wpa_auth.o)
 *fill*         0x40234064        0xc 
 .irom.text     0x40234070        0xe /opt/esp-open-sdk/sdk/lib/libwpa.a(wpa_auth_ie.o)
 *fill*         0x4023407e        0x0 
 *fill*         0x4023407e        0x2 
 .irom.text     0x40234080       0x17 /opt/esp-open-sdk/sdk/lib/libwpa.a(wpa.o)
 *fill*         0x40234097        0x0 
 *fill*         0x40234097        0x9 
 .irom.text     0x402340a0       0x1c /opt/esp-open-sdk/sdk/lib/libwpa.a(wpa_common.o)
 *fill*         0x402340bc        0x0 
 *fill*         0x402340bc        0x4 
 .irom.text     0x402340c0       0x67 /opt/esp-open-sdk/sdk/lib/libwpa.a(wpa_main.o)
 *fill*         0x40234127        0x0 
 *fill*         0x40234127        0x0 
 *fill*         0x40234127        0x0 
 *fill*         0x40234127        0x9 
 .irom.text     0x40234130       0x13 /opt/esp-open-sdk/sdk/lib/libwpa.a(aes-internal-enc.o)
 *fill*         0x40234143        0x1 
 .irom.debug.10188
                0x40234144       0x34 /opt/sming/Sming/compiler/lib//libsming.a(AccessPoint.o)
 .irom.debug.9186
                0x40234178       0x2c /opt/sming/Sming/compiler/lib//libsming.a(AccessPoint.o)
 .irom.debug.4128
                0x402341a4       0x29 /opt/sming/Sming/compiler/lib//libsming.a(AccessPoint.o)
 *fill*         0x402341cd        0x3 
 .irom.debug.388
                0x402341d0       0x19 /opt/sming/Sming/compiler/lib//libsming.a(AccessPoint.o)
 *fill*         0x402341e9        0x3 
 .irom.debug.280
                0x402341ec       0x24 /opt/sming/Sming/compiler/lib//libsming.a(AccessPoint.o)
 .irom.debug.176
                0x40234210       0x1e /opt/sming/Sming/compiler/lib//libsming.a(AccessPoint.o)
 *fill*         0x4023422e        0x2 
 .irom.debug.072
                0x40234230       0x1d /opt/sming/Sming/compiler/lib//libsming.a(AccessPoint.o)
 *fill*         0x4023424d        0x3 
 .irom.debug.15305
                0x40234250       0x10 /opt/sming/Sming/compiler/lib//libsming.a(Station.o)
 .irom.debug.14301
                0x40234260       0x1a /opt/sming/Sming/compiler/lib//libsming.a(Station.o)
 *fill*         0x4023427a        0x2 
 .irom.debug.13277
                0x4023427c       0x12 /opt/sming/Sming/compiler/lib//libsming.a(Station.o)
 *fill*         0x4023428e        0x2 
 .irom.debug.6211
                0x40234290       0x1d /opt/sming/Sming/compiler/lib//libsming.a(Station.o)
 *fill*         0x402342ad        0x3 
 .irom.debug.5208
                0x402342b0       0x20 /opt/sming/Sming/compiler/lib//libsming.a(Station.o)
 .irom.debug.4196
                0x402342d0       0x29 /opt/sming/Sming/compiler/lib//libsming.a(Station.o)
 *fill*         0x402342f9        0x3 
 .irom.debug.389
                0x402342fc       0x1e /opt/sming/Sming/compiler/lib//libsming.a(Station.o)
 *fill*         0x4023431a        0x2 
 .irom.debug.284
                0x4023431c       0x2a /opt/sming/Sming/compiler/lib//libsming.a(Station.o)
 *fill*         0x40234346        0x2 
 .irom.debug.179
                0x40234348       0x22 /opt/sming/Sming/compiler/lib//libsming.a(Station.o)
 *fill*         0x4023436a        0x2 
 .irom.debug.055
                0x4023436c       0x23 /opt/sming/Sming/compiler/lib//libsming.a(Station.o)
 *fill*         0x4023438f        0x1 
 .irom.debug.6122
                0x40234390       0x38 /opt/sming/Sming/compiler/lib//libsming.a(WifiEvents.o)
 .irom.debug.5113
                0x402343c8       0x37 /opt/sming/Sming/compiler/lib//libsming.a(WifiEvents.o)
 *fill*         0x402343ff        0x1 
 .irom.debug.4102
                0x40234400        0x3 /opt/sming/Sming/compiler/lib//libsming.a(WifiEvents.o)
 *fill*         0x40234403        0x1 
 .irom.debug.3101
                0x40234404       0x30 /opt/sming/Sming/compiler/lib//libsming.a(WifiEvents.o)
 .irom.debug.290
                0x40234434       0x11 /opt/sming/Sming/compiler/lib//libsming.a(WifiEvents.o)
 *fill*         0x40234445        0x3 
 .irom.debug.178